// Jest Snapshot v1, https://goo.gl/fbAQLP

exports[`FieldShow component renders without crashing 1`] = `
.c0 {
  margin: 5px;
  border: 1px solid green;
  background-color: #afa;
  padding: 10px;
}

<span
  class="c0"
>
  the label: the value
</span>
`;
