// Jest Snapshot v1, https://goo.gl/fbAQLP

exports[`App main component renders without crashing 1`] = `
.c1 {
  text-align: center;
  margin: 10px 0 0 0;
  color: #afa;
}

.c2 {
  margin: 0 10px;
  text-align: left;
  text-transform: capitalize;
  color: #8d8;
}

.c0 {
  display: -webkit-box;
  display: -webkit-flex;
  display: -ms-flexbox;
  display: flex;
}

.c0 .AppContext {
  padding: 0 10px;
  display: -webkit-box;
  display: -webkit-flex;
  display: -ms-flexbox;
  display: flex;
  -webkit-flex-direction: column;
  -ms-flex-direction: column;
  flex-direction: column;
  -webkit-flex: 1;
  -ms-flex: 1;
  flex: 1;
  background-color: cadetblue;
}

.c0 .AppRedux {
  padding: 0 10px;
  display: -webkit-box;
  display: -webkit-flex;
  display: -ms-flexbox;
  display: flex;
  -webkit-flex-direction: column;
  -ms-flex-direction: column;
  flex-direction: column;
  -webkit-flex: 1;
  -ms-flex: 1;
  flex: 1;
  background-color: darkcyan;
}

<div
  class="c0"
>
  <div
    class="AppContext"
  >
    <h1
      class="c1"
    >
      Context
    </h1>
    <h2
      class="c2"
    >
      Player
    </h2>
    ContextPlayerContainer
    ContextNameContainer
    ContextSurnameContainer
  </div>
  <div
    class="AppRedux"
  >
    <h1
      class="c1"
    >
      Redux
    </h1>
    <h2
      class="c2"
    >
      Player
    </h2>
    ReduxPlayerContainer
    ReduxNameContainer
    ReduxSurnameContainer
  </div>
</div>
`;
