// Jest Snapshot v1, https://goo.gl/fbAQLP

exports[`NameContainer consumer container renders without crashing and passes values down to its child 1`] = `
<div>
  <div
    data-testid="name"
  >
    Paolo
  </div>
  <div
    data-testid="label"
  >
    Name
  </div>
</div>
`;
