// Jest Snapshot v1, https://goo.gl/fbAQLP

exports[`Subtitle component renders without crashing 1`] = `
.c0 {
  margin: 0 10px;
  text-align: left;
  text-transform: capitalize;
  color: #8d8;
}

<h2
  class="theclassname c0"
>
  the subtitle
</h2>
`;
