// Jest Snapshot v1, https://goo.gl/fbAQLP

exports[`Title component renders without crashing 1`] = `
.c0 {
  text-align: center;
  margin: 10px 0 0 0;
  color: #afa;
}

<h1
  class="theclassname c0"
>
  the title
</h1>
`;
